// Vitest Snapshot v1, https://vitest.dev/guide/snapshot.html

exports[`Import > api.import.json 1`] = `"{"files":[{"name":"en.json","content":{"type":"json","en":{"headers":{"person":"Active person"}}}}]}"`;
